2023/02/21

Upgrading HTCondor and other OSG packages on nsgosg.sdsc.edu.

[mkandes@nsgosg ~]$ condor_q --version
$CondorVersion: 9.0.17 Oct 04 2022 PackageID: 9.0.17-1.1 $
$CondorPlatform: X86_64-Rocky_8.6 $

[mkandes@nsgosg ~]$ yum repolist enabled
repo id                                                            repo name
SDSC-AppStream                                                     Rocky Linux 8 AppStream
SDSC-BaseOS                                                        Rocky Linux 8 BaseOS
SDSC-extras                                                        Rocky Linux 8 extras
duosecurity                                                        Duo Security Repository
epel                                                               Extra Packages for Enterprise Linux 8 - x86_64
osg                                                                OSG Software for Enterprise Linux 8 - x86_64
[mkandes@nsgosg ~]$

[mkandes@nsgosg ~]$ yum info osg-release
Rocky Linux 8 AppStream                          80 MB/s | 9.7 MB     00:00    
Rocky Linux 8 BaseOS                             61 MB/s | 3.7 MB     00:00    
Rocky Linux 8 extras                            377 kB/s |  12 kB     00:00    
OSG Software for Enterprise Linux 8 - x86_64    1.6 MB/s | 1.7 MB     00:01    
Duo Security Repository                          32 kB/s | 2.0 kB     00:00    
Extra Packages for Enterprise Linux 8 - x86_64   16 MB/s |  13 MB     00:00    
Installed Packages
Name         : osg-release
Version      : 3.6
Release      : 11.osg36.el8
Architecture : noarch
Size         : 15 k
Source       : osg-release-3.6-11.osg36.el8.src.rpm
Repository   : @System
From repo    : osg
Summary      : OSG Software for Enterprise Linux repository configuration
URL          : https://repo.opensciencegrid.org/
License      : GPL
Description  : This package contains the OSG Software for Enterprise Linux
             : repository configuration for yum.

[mkandes@nsgosg ~]$

[mkandes@nsgosg ~]$ sudo yum clean all --enablerepo=*
[sudo] password for mkandes: 
Duo two-factor login for mkandes

Enter a passcode or select one of the following options:

 1. Duo Push to XXX-XXX-7242
 2. SMS passcodes to XXX-XXX-7242

Passcode or option (1-2): 1

Please open Duo Mobile and check for Duo Push requests manually.
Please open Duo Mobile and check for Duo Push requests manually.
Success. Logging you in...
44 files removed
[mkandes@nsgosg ~]$

[mkandes@nsgosg ~]$ cat /etc/dnf/automatic.conf
upgrade_type = security
[mkandes@nsgosg ~]$

[mkandes@nsgosg ~]$ condor_config_val -summary > saved_condor_config_before_upgrade.20230221
[mkandes@nsgosg ~]$

[mkandes@nsgosg ~]$ yum-config-manager --enable powertools
Error: This command has to be run with superuser privileges (under the root user on most systems).
[mkandes@nsgosg ~]$ sudo yum-config-manager --enable powertools
[sudo] password for mkandes: 
Sorry, try again.
[sudo] password for mkandes: 
Duo two-factor login for mkandes

Enter a passcode or select one of the following options:

 1. Duo Push to XXX-XXX-7242
 2. SMS passcodes to XXX-XXX-7242

Passcode or option (1-2): 1

Please open Duo Mobile and check for Duo Push requests manually.
Success. Logging you in...
[mkandes@nsgosg ~]$ yum repolist enabled
repo id                 repo name
SDSC-AppStream          Rocky Linux 8 AppStream
SDSC-BaseOS             Rocky Linux 8 BaseOS
SDSC-extras             Rocky Linux 8 extras
duosecurity             Duo Security Repository
epel                    Extra Packages for Enterprise Linux 8 - x86_64
osg                     OSG Software for Enterprise Linux 8 - x86_64
powertools              Rocky Linux 8 - PowerTools
[mkandes@nsgosg ~]$

[mkandes@nsgosg ~]$ sudo systemctl stop condor
[sudo] password for mkandes: 
Duo two-factor login for mkandes

Enter a passcode or select one of the following options:

 1. Duo Push to XXX-XXX-7242
 2. SMS passcodes to XXX-XXX-7242

Passcode or option (1-2): 1

Please open Duo Mobile and check for Duo Push requests manually.
Success. Logging you in...
[mkandes@nsgosg ~]$ systemctl status condor
● condor.service - Condor Distributed High-Throughput-Computing
   Loaded: loaded (/usr/lib/systemd/system/condor.service; enabled; vendor pres>
  Drop-In: /usr/lib/systemd/system/condor.service.d
           └─osg-env.conf
   Active: inactive (dead) since Tue 2023-02-21 11:35:51 PST; 16s ago
  Process: 1356 ExecStart=/usr/sbin/condor_master -f (code=exited, status=0/SUC>
 Main PID: 1356 (code=exited, status=0/SUCCESS)
   Status: "All daemons are responding"
[mkandes@nsgosg ~]$

[mkandes@nsgosg ~]$ sudo systemctl stop gratia-probes-cron
[mkandes@nsgosg ~]$ systemctl status gratia-probes-cron
● gratia-probes-cron.service - SYSV: Enable specified gratia probes to run via >
   Loaded: loaded (/etc/rc.d/init.d/gratia-probes-cron; generated)
   Active: inactive (dead) since Tue 2023-02-21 11:37:22 PST; 6s ago
     Docs: man:systemd-sysv-generator(8)
  Process: 1432206 ExecStop=/etc/rc.d/init.d/gratia-probes-cron stop (code=exit>
[mkandes@nsgosg ~]$
[mkandes@nsgosg ~]$ sudo systemctl disable gratia-probes-cron
gratia-probes-cron.service is not a native service, redirecting to systemd-sysv-install.
Executing: /usr/lib/systemd/systemd-sysv-install disable gratia-probes-cron
[mkandes@nsgosg ~]$ systemctl status gratia-probes-cron
● gratia-probes-cron.service - SYSV: Enable specified gratia probes to run via >
   Loaded: loaded (/etc/rc.d/init.d/gratia-probes-cron; generated)
   Active: inactive (dead)
     Docs: man:systemd-sysv-generator(8)
[mkandes@nsgosg ~]$

[mkandes@nsgosg ~]$ sudo yum update
Rocky Linux 8 - PowerTools                      3.3 MB/s | 2.6 MB     00:00    
Last metadata expiration check: 0:00:01 ago on Tue 21 Feb 2023 11:38:37 AM PST.
Dependencies resolved.
================================================================================
 Package                  Arch     Version               Repository        Size
================================================================================
Upgrading:
 boost-python3            x86_64   1.66.0-13.el8         powertools        94 k
 ganglia                  x86_64   3.7.2-40.el8          epel             113 k
 ganglia-gmond            x86_64   3.7.2-40.el8          epel              96 k
 git                      x86_64   2.31.1-3.el8_7        SDSC-AppStream   160 k
 git-core                 x86_64   2.31.1-3.el8_7        SDSC-AppStream   4.8 M
 git-core-doc             noarch   2.31.1-3.el8_7        SDSC-AppStream   2.6 M
 gratia-probe-common      noarch   2.8.1-1.osg36.el8     osg              189 k
 gratia-probe-condor-ap   noarch   2.8.1-1.osg36.el8     osg               44 k
 libksba                  x86_64   1.3.5-9.el8_7         SDSC-BaseOS      133 k
 libxml2                  x86_64   2.9.7-15.el8_7.1      SDSC-BaseOS      695 k
 perl-Git                 noarch   2.31.1-3.el8_7        SDSC-AppStream    77 k
 python3-libxml2          x86_64   2.9.7-15.el8_7.1      SDSC-BaseOS      236 k
 sudo                     x86_64   1.8.29-8.el8_7.1      SDSC-BaseOS      924 k

Transaction Summary
================================================================================
Upgrade  13 Packages

Total download size: 10 M
Is this ok [y/N]: y
Downloading Packages:
(1/13): git-2.31.1-3.el8_7.x86_64.rpm           5.2 MB/s | 160 kB     00:00    
(2/13): perl-Git-2.31.1-3.el8_7.noarch.rpm      2.6 MB/s |  77 kB     00:00    
(3/13): libksba-1.3.5-9.el8_7.x86_64.rpm         12 MB/s | 133 kB     00:00    
(4/13): libxml2-2.9.7-15.el8_7.1.x86_64.rpm      38 MB/s | 695 kB     00:00    
(5/13): git-core-doc-2.31.1-3.el8_7.noarch.rpm   24 MB/s | 2.6 MB     00:00    
(6/13): python3-libxml2-2.9.7-15.el8_7.1.x86_64 8.5 MB/s | 236 kB     00:00    
(7/13): sudo-1.8.29-8.el8_7.1.x86_64.rpm         43 MB/s | 924 kB     00:00    
(8/13): git-core-2.31.1-3.el8_7.x86_64.rpm       31 MB/s | 4.8 MB     00:00    
(9/13): boost-python3-1.66.0-13.el8.x86_64.rpm  377 kB/s |  94 kB     00:00    
(10/13): gratia-probe-condor-ap-2.8.1-1.osg36.e 109 kB/s |  44 kB     00:00    
(11/13): ganglia-3.7.2-40.el8.x86_64.rpm        881 kB/s | 113 kB     00:00    
(12/13): gratia-probe-common-2.8.1-1.osg36.el8. 427 kB/s | 189 kB     00:00    
(13/13): ganglia-gmond-3.7.2-40.el8.x86_64.rpm  843 kB/s |  96 kB     00:00    
--------------------------------------------------------------------------------
Total                                           7.5 MB/s |  10 MB     00:01     
Running transaction check
Transaction check succeeded.
Running transaction test
Transaction test succeeded.
Running transaction
  Preparing        :                                                                                                                                              1/1 
  Running scriptlet: git-core-2.31.1-3.el8_7.x86_64                                                                                                               1/1 
  Upgrading        : git-core-2.31.1-3.el8_7.x86_64                                                                                                              1/26 
  Upgrading        : git-core-doc-2.31.1-3.el8_7.noarch                                                                                                          2/26 
  Upgrading        : perl-Git-2.31.1-3.el8_7.noarch                                                                                                              3/26 
  Upgrading        : git-2.31.1-3.el8_7.x86_64                                                                                                                   4/26 
  Running scriptlet: ganglia-3.7.2-40.el8.x86_64                                                                                                                 5/26 
  Upgrading        : ganglia-3.7.2-40.el8.x86_64                                                                                                                 5/26 
  Running scriptlet: gratia-probe-common-2.8.1-1.osg36.el8.noarch                                                                                                6/26 
  Upgrading        : gratia-probe-common-2.8.1-1.osg36.el8.noarch                                                                                                6/26 
  Upgrading        : libxml2-2.9.7-15.el8_7.1.x86_64                                                                                                             7/26 
  Upgrading        : python3-libxml2-2.9.7-15.el8_7.1.x86_64                                                                                                     8/26 
  Upgrading        : gratia-probe-condor-ap-2.8.1-1.osg36.el8.noarch                                                                                             9/26 
  Running scriptlet: gratia-probe-condor-ap-2.8.1-1.osg36.el8.noarch                                                                                             9/26 
  Upgrading        : ganglia-gmond-3.7.2-40.el8.x86_64                                                                                                          10/26 
  Running scriptlet: ganglia-gmond-3.7.2-40.el8.x86_64                                                                                                          10/26 
  Upgrading        : boost-python3-1.66.0-13.el8.x86_64                                                                                                         11/26 
  Running scriptlet: boost-python3-1.66.0-13.el8.x86_64                                                                                                         11/26 
  Upgrading        : sudo-1.8.29-8.el8_7.1.x86_64                                                                                                               12/26 
  Running scriptlet: sudo-1.8.29-8.el8_7.1.x86_64                                                                                                               12/26 
  Upgrading        : libksba-1.3.5-9.el8_7.x86_64                                                                                                               13/26 
  Cleanup          : git-2.31.1-2.el8.x86_64                                                                                                                    14/26 
  Cleanup          : python3-libxml2-2.9.7-15.el8.x86_64                                                                                                        15/26 
  Cleanup          : git-core-doc-2.31.1-2.el8.noarch                                                                                                           16/26 
  Cleanup          : gratia-probe-condor-ap-2.7.1-1.osg36.el8.noarch                                                                                            17/26 
  Running scriptlet: ganglia-gmond-3.7.2-33.el8.x86_64                                                                                                          18/26 
  Cleanup          : ganglia-gmond-3.7.2-33.el8.x86_64                                                                                                          18/26 
  Running scriptlet: ganglia-gmond-3.7.2-33.el8.x86_64                                                                                                          18/26 
  Cleanup          : gratia-probe-common-2.7.1-1.osg36.el8.noarch                                                                                               19/26 
  Cleanup          : perl-Git-2.31.1-2.el8.noarch                                                                                                               20/26 
  Cleanup          : ganglia-3.7.2-33.el8.x86_64                                                                                                                21/26 
  Cleanup          : git-core-2.31.1-2.el8.x86_64                                                                                                               22/26 
  Cleanup          : libxml2-2.9.7-15.el8.x86_64                                                                                                                23/26 
  Cleanup          : boost-python3-1.66.0-10.el8.x86_64                                                                                                         24/26 
  Running scriptlet: boost-python3-1.66.0-10.el8.x86_64                                                                                                         24/26 
  Cleanup          : sudo-1.8.29-8.el8.x86_64                                                                                                                   25/26 
  Cleanup          : libksba-1.3.5-8.el8_6.x86_64                                                                                                               26/26 
  Running scriptlet: libksba-1.3.5-8.el8_6.x86_64                                                                                                               26/26 
  Verifying        : git-2.31.1-3.el8_7.x86_64                                                                                                                   1/26 
  Verifying        : git-2.31.1-2.el8.x86_64                                                                                                                     2/26 
  Verifying        : git-core-2.31.1-3.el8_7.x86_64                                                                                                              3/26 
  Verifying        : git-core-2.31.1-2.el8.x86_64                                                                                                                4/26 
  Verifying        : git-core-doc-2.31.1-3.el8_7.noarch                                                                                                          5/26 
  Verifying        : git-core-doc-2.31.1-2.el8.noarch                                                                                                            6/26 
  Verifying        : perl-Git-2.31.1-3.el8_7.noarch                                                                                                              7/26 
  Verifying        : perl-Git-2.31.1-2.el8.noarch                                                                                                                8/26 
  Verifying        : libksba-1.3.5-9.el8_7.x86_64                                                                                                                9/26 
  Verifying        : libksba-1.3.5-8.el8_6.x86_64                                                                                                               10/26 
  Verifying        : libxml2-2.9.7-15.el8_7.1.x86_64                                                                                                            11/26 
  Verifying        : libxml2-2.9.7-15.el8.x86_64                                                                                                                12/26 
  Verifying        : python3-libxml2-2.9.7-15.el8_7.1.x86_64                                                                                                    13/26 
  Verifying        : python3-libxml2-2.9.7-15.el8.x86_64                                                                                                        14/26 
  Verifying        : sudo-1.8.29-8.el8_7.1.x86_64                                                                                                               15/26 
  Verifying        : sudo-1.8.29-8.el8.x86_64                                                                                                                   16/26 
  Verifying        : gratia-probe-condor-ap-2.8.1-1.osg36.el8.noarch                                                                                            17/26 
  Verifying        : gratia-probe-condor-ap-2.7.1-1.osg36.el8.noarch                                                                                            18/26 
  Verifying        : gratia-probe-common-2.8.1-1.osg36.el8.noarch                                                                                               19/26 
  Verifying        : gratia-probe-common-2.7.1-1.osg36.el8.noarch                                                                                               20/26 
  Verifying        : boost-python3-1.66.0-13.el8.x86_64                                                                                                         21/26 
  Verifying        : boost-python3-1.66.0-10.el8.x86_64                                                                                                         22/26 
  Verifying        : ganglia-3.7.2-40.el8.x86_64                                                                                                                23/26 
  Verifying        : ganglia-3.7.2-33.el8.x86_64                                                                                                                24/26 
  Verifying        : ganglia-gmond-3.7.2-40.el8.x86_64                                                                                                          25/26 
  Verifying        : ganglia-gmond-3.7.2-33.el8.x86_64                                                                                                          26/26 

Upgraded:
  boost-python3-1.66.0-13.el8.x86_64 ganglia-3.7.2-40.el8.x86_64        ganglia-gmond-3.7.2-40.el8.x86_64            git-2.31.1-3.el8_7.x86_64                      
  git-core-2.31.1-3.el8_7.x86_64     git-core-doc-2.31.1-3.el8_7.noarch gratia-probe-common-2.8.1-1.osg36.el8.noarch gratia-probe-condor-ap-2.8.1-1.osg36.el8.noarch
  libksba-1.3.5-9.el8_7.x86_64       libxml2-2.9.7-15.el8_7.1.x86_64    perl-Git-2.31.1-3.el8_7.noarch               python3-libxml2-2.9.7-15.el8_7.1.x86_64        
  sudo-1.8.29-8.el8_7.1.x86_64      

Complete!
[mkandes@nsgosg ~]$
